Archive member included to satisfy reference by file (symbol)

C:/ST/STM32CubeIDE_1.13.2/STM32CubeIDE/plugins/com.st.stm32cube.ide.mcu.externaltools.gnu-tools-for-stm32.11.3.rel1.win32_1.1.1.202309131626/tools/bin/../lib/gcc/arm-none-eabi/11.3.1/../../../../arm-none-eabi/lib/thumb/v7e-m+fp/hard\libc_nano.a(libc_a-exit.o)
                              C:/ST/STM32CubeIDE_1.13.2/STM32CubeIDE/plugins/com.st.stm32cube.ide.mcu.externaltools.gnu-tools-for-stm32.11.3.rel1.win32_1.1.1.202309131626/tools/bin/../lib/gcc/arm-none-eabi/11.3.1/../../../../arm-none-eabi/lib/thumb/v7e-m+fp/hard/crt0.o (exit)
C:/ST/STM32CubeIDE_1.13.2/STM32CubeIDE/plugins/com.st.stm32cube.ide.mcu.externaltools.gnu-tools-for-stm32.11.3.rel1.win32_1.1.1.202309131626/tools/bin/../lib/gcc/arm-none-eabi/11.3.1/../../../../arm-none-eabi/lib/thumb/v7e-m+fp/hard\libc_nano.a(libc_a-findfp.o)
                              C:/ST/STM32CubeIDE_1.13.2/STM32CubeIDE/plugins/com.st.stm32cube.ide.mcu.externaltools.gnu-tools-for-stm32.11.3.rel1.win32_1.1.1.202309131626/tools/bin/../lib/gcc/arm-none-eabi/11.3.1/../../../../arm-none-eabi/lib/thumb/v7e-m+fp/hard\libc_nano.a(libc_a-exit.o) (__stdio_exit_handler)
C:/ST/STM32CubeIDE_1.13.2/STM32CubeIDE/plugins/com.st.stm32cube.ide.mcu.externaltools.gnu-tools-for-stm32.11.3.rel1.win32_1.1.1.202309131626/tools/bin/../lib/gcc/arm-none-eabi/11.3.1/../../../../arm-none-eabi/lib/thumb/v7e-m+fp/hard\libc_nano.a(libc_a-fwalk.o)
                              C:/ST/STM32CubeIDE_1.13.2/STM32CubeIDE/plugins/com.st.stm32cube.ide.mcu.externaltools.gnu-tools-for-stm32.11.3.rel1.win32_1.1.1.202309131626/tools/bin/../lib/gcc/arm-none-eabi/11.3.1/../../../../arm-none-eabi/lib/thumb/v7e-m+fp/hard\libc_nano.a(libc_a-findfp.o) (_fwalk_sglue)
C:/ST/STM32CubeIDE_1.13.2/STM32CubeIDE/plugins/com.st.stm32cube.ide.mcu.externaltools.gnu-tools-for-stm32.11.3.rel1.win32_1.1.1.202309131626/tools/bin/../lib/gcc/arm-none-eabi/11.3.1/../../../../arm-none-eabi/lib/thumb/v7e-m+fp/hard\libc_nano.a(libc_a-stdio.o)
                              C:/ST/STM32CubeIDE_1.13.2/STM32CubeIDE/plugins/com.st.stm32cube.ide.mcu.externaltools.gnu-tools-for-stm32.11.3.rel1.win32_1.1.1.202309131626/tools/bin/../lib/gcc/arm-none-eabi/11.3.1/../../../../arm-none-eabi/lib/thumb/v7e-m+fp/hard\libc_nano.a(libc_a-findfp.o) (__sread)
C:/ST/STM32CubeIDE_1.13.2/STM32CubeIDE/plugins/com.st.stm32cube.ide.mcu.externaltools.gnu-tools-for-stm32.11.3.rel1.win32_1.1.1.202309131626/tools/bin/../lib/gcc/arm-none-eabi/11.3.1/../../../../arm-none-eabi/lib/thumb/v7e-m+fp/hard\libc_nano.a(libc_a-memset.o)
                              C:/ST/STM32CubeIDE_1.13.2/STM32CubeIDE/plugins/com.st.stm32cube.ide.mcu.externaltools.gnu-tools-for-stm32.11.3.rel1.win32_1.1.1.202309131626/tools/bin/../lib/gcc/arm-none-eabi/11.3.1/../../../../arm-none-eabi/lib/thumb/v7e-m+fp/hard/crt0.o (memset)
C:/ST/STM32CubeIDE_1.13.2/STM32CubeIDE/plugins/com.st.stm32cube.ide.mcu.externaltools.gnu-tools-for-stm32.11.3.rel1.win32_1.1.1.202309131626/tools/bin/../lib/gcc/arm-none-eabi/11.3.1/../../../../arm-none-eabi/lib/thumb/v7e-m+fp/hard\libc_nano.a(libc_a-closer.o)
                              C:/ST/STM32CubeIDE_1.13.2/STM32CubeIDE/plugins/com.st.stm32cube.ide.mcu.externaltools.gnu-tools-for-stm32.11.3.rel1.win32_1.1.1.202309131626/tools/bin/../lib/gcc/arm-none-eabi/11.3.1/../../../../arm-none-eabi/lib/thumb/v7e-m+fp/hard\libc_nano.a(libc_a-stdio.o) (_close_r)
C:/ST/STM32CubeIDE_1.13.2/STM32CubeIDE/plugins/com.st.stm32cube.ide.mcu.externaltools.gnu-tools-for-stm32.11.3.rel1.win32_1.1.1.202309131626/tools/bin/../lib/gcc/arm-none-eabi/11.3.1/../../../../arm-none-eabi/lib/thumb/v7e-m+fp/hard\libc_nano.a(libc_a-reent.o)
                              C:/ST/STM32CubeIDE_1.13.2/STM32CubeIDE/plugins/com.st.stm32cube.ide.mcu.externaltools.gnu-tools-for-stm32.11.3.rel1.win32_1.1.1.202309131626/tools/bin/../lib/gcc/arm-none-eabi/11.3.1/../../../../arm-none-eabi/lib/thumb/v7e-m+fp/hard\libc_nano.a(libc_a-closer.o) (errno)
C:/ST/STM32CubeIDE_1.13.2/STM32CubeIDE/plugins/com.st.stm32cube.ide.mcu.externaltools.gnu-tools-for-stm32.11.3.rel1.win32_1.1.1.202309131626/tools/bin/../lib/gcc/arm-none-eabi/11.3.1/../../../../arm-none-eabi/lib/thumb/v7e-m+fp/hard\libc_nano.a(libc_a-impure.o)
                              C:/ST/STM32CubeIDE_1.13.2/STM32CubeIDE/plugins/com.st.stm32cube.ide.mcu.externaltools.gnu-tools-for-stm32.11.3.rel1.win32_1.1.1.202309131626/tools/bin/../lib/gcc/arm-none-eabi/11.3.1/../../../../arm-none-eabi/lib/thumb/v7e-m+fp/hard\libc_nano.a(libc_a-reent.o) (_impure_ptr)
C:/ST/STM32CubeIDE_1.13.2/STM32CubeIDE/plugins/com.st.stm32cube.ide.mcu.externaltools.gnu-tools-for-stm32.11.3.rel1.win32_1.1.1.202309131626/tools/bin/../lib/gcc/arm-none-eabi/11.3.1/../../../../arm-none-eabi/lib/thumb/v7e-m+fp/hard\libc_nano.a(libc_a-lseekr.o)
[...]
Memory Configuration

Name             Origin             Length             Attributes
RAM              0x0000000020000000 0x0000000000018000 xrw
FLASH            0x0000000008000000 0x0000000000080000 xr
*default*        0x0000000000000000 0xffffffffffffffff

Linker script and memory map

LOAD C:/ST/STM32CubeIDE_1.13.2/STM32CubeIDE/plugins/com.st.stm32cube.ide.mcu.externaltools.gnu-tools-for-stm32.11.3.rel1.win32_1.1.1.202309131626/tools/bin/../lib/gcc/arm-none-eabi/11.3.1/thumb/v7e-m+fp/hard/crti.o
LOAD C:/ST/STM32CubeIDE_1.13.2/STM32CubeIDE/plugins/com.st.stm32cube.ide.mcu.externaltools.gnu-tools-for-stm32.11.3.rel1.win32_1.1.1.202309131626/tools/bin/../lib/gcc/arm-none-eabi/11.3.1/thumb/v7e-m+fp/hard/crtbegin.o
LOAD C:/ST/STM32CubeIDE_1.13.2/STM32CubeIDE/plugins/com.st.stm32cube.ide.mcu.externaltools.gnu-tools-for-stm32.11.3.rel1.win32_1.1.1.202309131626/tools/bin/../lib/gcc/arm-none-eabi/11.3.1/../../../../arm-none-eabi/lib/thumb/v7e-m+fp/hard/crt0.o
LOAD ./Drivers/Src/stm32f401xx_gpio_driver.o
LOAD ./Drivers/Src/stm32f401xx_spi_driver.o
LOAD ./Src/007spi_txonly_arduino.o
LOAD ./Src/syscalls.o
LOAD ./Src/sysmem.o
LOAD ./Startup/startup_stm32f401retx.o
START GROUP
LOAD C:/ST/STM32CubeIDE_1.13.2/STM32CubeIDE/plugins/com.st.stm32cube.ide.mcu.externaltools.gnu-tools-for-stm32.11.3.rel1.win32_1.1.1.202309131626/tools/bin/../lib/gcc/arm-none-eabi/11.3.1/../../../../arm-none-eabi/lib/thumb/v7e-m+fp/hard\libc_nano.a
LOAD C:/ST/STM32CubeIDE_1.13.2/STM32CubeIDE/plugins/com.st.stm32cube.ide.mcu.externaltools.gnu-tools-for-stm32.11.3.rel1.win32_1.1.1.202309131626/tools/bin/../lib/gcc/arm-none-eabi/11.3.1/../../../../arm-none-eabi/lib/thumb/v7e-m+fp/hard\libm.a
END GROUP
START GROUP
LOAD C:/ST/STM32CubeIDE_1.13.2/STM32CubeIDE/plugins/com.st.stm32cube.ide.mcu.externaltools.gnu-tools-for-stm32.11.3.rel1.win32_1.1.1.202309131626/tools/bin/../lib/gcc/arm-none-eabi/11.3.1/thumb/v7e-m+fp/hard\libgcc.a
LOAD C:/ST/STM32CubeIDE_1.13.2/STM32CubeIDE/plugins/com.st.stm32cube.ide.mcu.externaltools.gnu-tools-for-stm32.11.3.rel1.win32_1.1.1.202309131626/tools/bin/../lib/gcc/arm-none-eabi/11.3.1/../../../../arm-none-eabi/lib/thumb/v7e-m+fp/hard\libc_nano.a
END GROUP
START GROUP
LOAD C:/ST/STM32CubeIDE_1.13.2/STM32CubeIDE/plugins/com.st.stm32cube.ide.mcu.externaltools.gnu-tools-for-stm32.11.3.rel1.win32_1.1.1.202309131626/tools/bin/../lib/gcc/arm-none-eabi/11.3.1/thumb/v7e-m+fp/hard\libgcc.a
LOAD C:/ST/STM32CubeIDE_1.13.2/STM32CubeIDE/plugins/com.st.stm32cube.ide.mcu.externaltools.gnu-tools-for-stm32.11.3.rel1.win32_1.1.1.202309131626/tools/bin/../lib/gcc/arm-none-eabi/11.3.1/../../../../arm-none-eabi/lib/thumb/v7e-m+fp/hard\libc_nano.a
LOAD C:/ST/STM32CubeIDE_1.13.2/STM32CubeIDE/plugins/com.st.stm32cube.ide.mcu.externaltools.gnu-tools-for-stm32.11.3.rel1.win32_1.1.1.202309131626/tools/bin/../lib/gcc/arm-none-eabi/11.3.1/../../../../arm-none-eabi/lib/thumb/v7e-m+fp/hard\libnosys.a
END GROUP
START GROUP
LOAD C:/ST/STM32CubeIDE_1.13.2/STM32CubeIDE/plugins/com.st.stm32cube.ide.mcu.externaltools.gnu-tools-for-stm32.11.3.rel1.win32_1.1.1.202309131626/tools/bin/../lib/gcc/arm-none-eabi/11.3.1/thumb/v7e-m+fp/hard\libgcc.a
LOAD C:/ST/STM32CubeIDE_1.13.2/STM32CubeIDE/plugins/com.st.stm32cube.ide.mcu.externaltools.gnu-tools-for-stm32.11.3.rel1.win32_1.1.1.202309131626/tools/bin/../lib/gcc/arm-none-eabi/11.3.1/../../../../arm-none-eabi/lib/thumb/v7e-m+fp/hard\libc_nano.a
LOAD C:/ST/STM32CubeIDE_1.13.2/STM32CubeIDE/plugins/com.st.stm32cube.ide.mcu.externaltools.gnu-tools-for-stm32.11.3.rel1.win32_1.1.1.202309131626/tools/bin/../lib/gcc/arm-none-eabi/11.3.1/../../../../arm-none-eabi/lib/thumb/v7e-m+fp/hard\libnosys.a
END GROUP
LOAD C:/ST/STM32CubeIDE_1.13.2/STM32CubeIDE/plugins/com.st.stm32cube.ide.mcu.externaltools.gnu-tools-for-stm32.11.3.rel1.win32_1.1.1.202309131626/tools/bin/../lib/gcc/arm-none-eabi/11.3.1/thumb/v7e-m+fp/hard/crtend.o
LOAD C:/ST/STM32CubeIDE_1.13.2/STM32CubeIDE/plugins/com.st.stm32cube.ide.mcu.externaltools.gnu-tools-for-stm32.11.3.rel1.win32_1.1.1.202309131626/tools/bin/../lib/gcc/arm-none-eabi/11.3.1/thumb/v7e-m+fp/hard/crtn.o
                0x0000000020018000                _estack = (ORIGIN (RAM) + LENGTH (RAM))
                0x0000000000000200                _Min_Heap_Size = 0x200
                0x0000000000000400                _Min_Stack_Size = 0x400

.isr_vector     0x0000000008000000      0x194
                0x0000000008000000                . = ALIGN (0x4)
 *(.isr_vector)
 .isr_vector    0x0000000008000000      0x194 ./Startup/startup_stm32f401retx.o
                0x0000000008000000                g_pfnVectors
                0x0000000008000194                . = ALIGN (0x4)

.text           0x0000000008000194      0x978
                0x0000000008000194                . = ALIGN (0x4)
 *(.text)
 .text          0x0000000008000194       0x40 C:/ST/STM32CubeIDE_1.13.2/STM32CubeIDE/plugins/com.st.stm32cube.ide.mcu.externaltools.gnu-tools-for-stm32.11.3.rel1.win32_1.1.1.202309131626/tools/bin/../lib/gcc/arm-none-eabi/11.3.1/thumb/v7e-m+fp/hard/crtbegin.o
 .text          0x00000000080001d4       0x10 C:/ST/STM32CubeIDE_1.13.2/STM32CubeIDE/plugins/com.st.stm32cube.ide.mcu.externaltools.gnu-tools-for-stm32.11.3.rel1.win32_1.1.1.202309131626/tools/bin/../lib/gcc/arm-none-eabi/11.3.1/../../../../arm-none-eabi/lib/thumb/v7e-m+fp/hard\libc_nano.a(libc_a-strlen.o)
                0x00000000080001d4                strlen
 *(.text*)
 .text.GPIO_PeriClockControl
                0x00000000080001e4      0x140 ./Drivers/Src/stm32f401xx_gpio_driver.o
                0x00000000080001e4                GPIO_PeriClockControl
 .text.GPIO_Init
                0x0000000008000324      0x2f4 ./Drivers/Src/stm32f401xx_gpio_driver.o
                0x0000000008000324                GPIO_Init
 .text.GPIO_ReadFromInputPin
                0x0000000008000618       0x2a ./Drivers/Src/stm32f401xx_gpio_driver.o
                0x0000000008000618                GPIO_ReadFromInputPin
 *fill*         0x0000000008000642        0x2 
 .text.SPI_PeriClockControl
                0x0000000008000644       0xe0 ./Drivers/Src/stm32f401xx_spi_driver.o
                0x0000000008000644                SPI_PeriClockControl
 .text.SPI_Init
                0x0000000008000724       0xa8 ./Drivers/Src/stm32f401xx_spi_driver.o
                0x0000000008000724                SPI_Init
 .text.SPI_GetFlagStatus
                0x00000000080007cc       0x28 ./Drivers/Src/stm32f401xx_spi_driver.o
                0x00000000080007cc                SPI_GetFlagStatus
 .text.SPI_SendData
                0x00000000080007f4       0x68 ./Drivers/Src/stm32f401xx_spi_driver.o
                0x00000000080007f4                SPI_SendData
 .text.SPI_PeripheralControl
                0x000000000800085c       0x38 ./Drivers/Src/stm32f401xx_spi_driver.o
                0x000000000800085c                SPI_PeripheralControl
 .text.SPI_SSOEConfig
                0x0000000008000894       0x38 ./Drivers/Src/stm32f401xx_spi_driver.o
                0x0000000008000894                SPI_SSOEConfig
 .text.delay    0x00000000080008cc       0x2c ./Src/007spi_txonly_arduino.o
                0x00000000080008cc                delay
 .text.SPI2_GPIOInits
                0x00000000080008f8       0x50 ./Src/007spi_txonly_arduino.o
                0x00000000080008f8                SPI2_GPIOInits
 .text.SPI2_Inits
                0x0000000008000948       0x48 ./Src/007spi_txonly_arduino.o
                0x0000000008000948                SPI2_Inits
 .text.GPIO_ButtonInit
                0x0000000008000990       0x34 ./Src/007spi_txonly_arduino.o
                0x0000000008000990                GPIO_ButtonInit
 .text.main     0x00000000080009c4       0x94 ./Src/007spi_txonly_arduino.o
                0x00000000080009c4                main
 .text.Reset_Handler
                0x0000000008000a58       0x50 ./Startup/startup_stm32f401retx.o
                0x0000000008000a58                Reset_Handler
 .text.Default_Handler
                0x0000000008000aa8        0x2 ./Startup/startup_stm32f401retx.o
                0x0000000008000aa8                EXTI2_IRQHandler
                0x0000000008000aa8                DebugMon_Handler
                0x0000000008000aa8                SPI4_IRQHandler
                0x0000000008000aa8                TIM1_CC_IRQHandler
                0x0000000008000aa8                DMA2_Stream5_IRQHandler
                0x0000000008000aa8                HardFault_Handler
                0x0000000008000aa8                DMA1_Stream5_IRQHandler
                0x0000000008000aa8                SysTick_Handler
                0x0000000008000aa8                SDIO_IRQHandler
                0x0000000008000aa8                TAMP_STAMP_IRQHandler
                0x0000000008000aa8                PendSV_Handler
                0x0000000008000aa8                NMI_Handler
                0x0000000008000aa8                EXTI3_IRQHandler
                0x0000000008000aa8                TIM1_UP_TIM10_IRQHandler
                0x0000000008000aa8                I2C3_ER_IRQHandler
                0x0000000008000aa8                EXTI18_OTG_FS_WKUP_IRQHandler
                0x0000000008000aa8                EXTI0_IRQHandler
                0x0000000008000aa8                I2C2_EV_IRQHandler
                0x0000000008000aa8                DMA1_Stream2_IRQHandler
                0x0000000008000aa8                UsageFault_Handler
                0x0000000008000aa8                DMA2_Stream2_IRQHandler
                0x0000000008000aa8                SPI1_IRQHandler
                0x0000000008000aa8                TIM1_BRK_TIM9_IRQHandler
                0x0000000008000aa8                DMA2_Stream3_IRQHandler
                0x0000000008000aa8                USART6_IRQHandler
                0x0000000008000aa8                DMA2_Stream0_IRQHandler
                0x0000000008000aa8                TIM4_IRQHandler
                0x0000000008000aa8                I2C1_EV_IRQHandler
                0x0000000008000aa8                DMA1_Stream6_IRQHandler
                0x0000000008000aa8                DMA1_Stream1_IRQHandler
                0x0000000008000aa8                TIM3_IRQHandler
                0x0000000008000aa8                RCC_IRQHandler
                0x0000000008000aa8                Default_Handler
                0x0000000008000aa8                EXTI15_10_IRQHandler
                0x0000000008000aa8                ADC_IRQHandler
                0x0000000008000aa8                DMA1_Stream7_IRQHandler
                0x0000000008000aa8                TIM5_IRQHandler
                0x0000000008000aa8                DMA2_Stream7_IRQHandler
                0x0000000008000aa8                I2C3_EV_IRQHandler
                0x0000000008000aa8                EXTI9_5_IRQHandler
                0x0000000008000aa8                SPI2_IRQHandler
                0x0000000008000aa8                MemManage_Handler
                0x0000000008000aa8                DMA1_Stream0_IRQHandler
                0x0000000008000aa8                SVC_Handler
                0x0000000008000aa8                EXTI4_IRQHandler
                0x0000000008000aa8                EXTI22_RTC_WKUP_IRQHandler
                0x0000000008000aa8                TIM2_IRQHandler
                0x0000000008000aa8                EXTI16_PVD_IRQHandler
                0x0000000008000aa8                TIM1_TRG_COM_TIM11_IRQHandler
                0x0000000008000aa8                EXTI1_IRQHandler
                0x0000000008000aa8                EXTI17_RTC_Alarm_IRQHandler
                0x0000000008000aa8                USART2_IRQHandler
                0x0000000008000aa8                I2C2_ER_IRQHandler
                0x0000000008000aa8                DMA2_Stream1_IRQHandler
                0x0000000008000aa8                FLASH_IRQHandler
                0x0000000008000aa8                DMA2_Stream4_IRQHandler
                0x0000000008000aa8                BusFault_Handler
                0x0000000008000aa8                USART1_IRQHandler
                0x0000000008000aa8                OTG_FS_IRQHandler
                0x0000000008000aa8                SPI3_IRQHandler
                0x0000000008000aa8                DMA1_Stream4_IRQHandler
                0x0000000008000aa8                I2C1_ER_IRQHandler
                0x0000000008000aa8                DMA2_Stream6_IRQHandler
                0x0000000008000aa8                DMA1_Stream3_IRQHandler
 *fill*         0x0000000008000aaa        0x2 
 .text.__libc_init_array
                0x0000000008000aac       0x48 C:/ST/STM32CubeIDE_1.13.2/STM32CubeIDE/plugins/com.st.stm32cube.ide.mcu.externaltools.gnu-tools-for-stm32.11.3.rel1.win32_1.1.1.202309131626/tools/bin/../lib/gcc/arm-none-eabi/11.3.1/../../../../arm-none-eabi/lib/thumb/v7e-m+fp/hard\libc_nano.a(libc_a-init.o)
                0x0000000008000aac                __libc_init_array
 *(.glue_7)
 .glue_7        0x0000000008000af4        0x0 linker stubs
 *(.glue_7t)
 .glue_7t       0x0000000008000af4        0x0 linker stubs
 *(.eh_frame)
 .eh_frame      0x0000000008000af4        0x0 C:/ST/STM32CubeIDE_1.13.2/STM32CubeIDE/plugins/com.st.stm32cube.ide.mcu.externaltools.gnu-tools-for-stm32.11.3.rel1.win32_1.1.1.202309131626/tools/bin/../lib/gcc/arm-none-eabi/11.3.1/thumb/v7e-m+fp/hard/crtbegin.o
 *(.init)
 .init          0x0000000008000af4        0x4 C:/ST/STM32CubeIDE_1.13.2/STM32CubeIDE/plugins/com.st.stm32cube.ide.mcu.externaltools.gnu-tools-for-stm32.11.3.rel1.win32_1.1.1.202309131626/tools/bin/../lib/gcc/arm-none-eabi/11.3.1/thumb/v7e-m+fp/hard/crti.o
                0x0000000008000af4                _init
 .init          0x0000000008000af8        0x8 C:/ST/STM32CubeIDE_1.13.2/STM32CubeIDE/plugins/com.st.stm32cube.ide.mcu.externaltools.gnu-tools-for-stm32.11.3.rel1.win32_1.1.1.202309131626/tools/bin/../lib/gcc/arm-none-eabi/11.3.1/thumb/v7e-m+fp/hard/crtn.o
 *(.fini)
 .fini          0x0000000008000b00        0x4 C:/ST/STM32CubeIDE_1.13.2/STM32CubeIDE/plugins/com.st.stm32cube.ide.mcu.externaltools.gnu-tools-for-stm32.11.3.rel1.win32_1.1.1.202309131626/tools/bin/../lib/gcc/arm-none-eabi/11.3.1/thumb/v7e-m+fp/hard/crti.o
                0x0000000008000b00                _fini
 .fini          0x0000000008000b04        0x8 C:/ST/STM32CubeIDE_1.13.2/STM32CubeIDE/plugins/com.st.stm32cube.ide.mcu.externaltools.gnu-tools-for-stm32.11.3.rel1.win32_1.1.1.202309131626/tools/bin/../lib/gcc/arm-none-eabi/11.3.1/thumb/v7e-m+fp/hard/crtn.o
                0x0000000008000b0c                . = ALIGN (0x4)
                0x0000000008000b0c                _etext = .

.vfp11_veneer   0x0000000008000b0c        0x0
 .vfp11_veneer  0x0000000008000b0c        0x0 linker stubs

.v4_bx          0x0000000008000b0c        0x0
 .v4_bx         0x0000000008000b0c        0x0 linker stubs

.iplt           0x0000000008000b0c        0x0
 .iplt          0x0000000008000b0c        0x0 C:/ST/STM32CubeIDE_1.13.2/STM32CubeIDE/plugins/com.st.stm32cube.ide.mcu.externaltools.gnu-tools-for-stm32.11.3.rel1.win32_1.1.1.202309131626/tools/bin/../lib/gcc/arm-none-eabi/11.3.1/thumb/v7e-m+fp/hard/crtbegin.o

.rodata         0x0000000008000b0c        0xc
                0x0000000008000b0c                . = ALIGN (0x4)
 *(.rodata)
 .rodata        0x0000000008000b0c        0xc ./Src/007spi_txonly_arduino.o
 *(.rodata*)
                0x0000000008000b18                . = ALIGN (0x4)

.rel.dyn        0x0000000008000b18        0x0
 .rel.iplt      0x0000000008000b18        0x0 C:/ST/STM32CubeIDE_1.13.2/STM32CubeIDE/plugins/com.st.stm32cube.ide.mcu.externaltools.gnu-tools-for-stm32.11.3.rel1.win32_1.1.1.202309131626/tools/bin/../lib/gcc/arm-none-eabi/11.3.1/thumb/v7e-m+fp/hard/crtbegin.o

.ARM.extab      0x0000000008000b18        0x0
                0x0000000008000b18                . = ALIGN (0x4)
 *(.ARM.extab* .gnu.linkonce.armextab.*)
                0x0000000008000b18                . = ALIGN (0x4)

.ARM            0x0000000008000b18        0x0
                0x0000000008000b18                . = ALIGN (0x4)
                0x0000000008000b18                __exidx_start = .
 *(.ARM.exidx*)
                0x0000000008000b18                __exidx_end = .
                0x0000000008000b18                . = ALIGN (0x4)

.preinit_array  0x0000000008000b18        0x0
                0x0000000008000b18                . = ALIGN (0x4)
                0x0000000008000b18                PROVIDE (__preinit_array_start = .)
 *(.preinit_array*)
                0x0000000008000b18                PROVIDE (__preinit_array_end = .)
                0x0000000008000b18                . = ALIGN (0x4)

.init_array     0x0000000008000b18        0x4
                0x0000000008000b18                . = ALIGN (0x4)
                0x0000000008000b18                PROVIDE (__init_array_start = .)
 *(SORT_BY_NAME(.init_array.*))
 *(.init_array*)
 .init_array    0x0000000008000b18        0x4 C:/ST/STM32CubeIDE_1.13.2/STM32CubeIDE/plugins/com.st.stm32cube.ide.mcu.externaltools.gnu-tools-for-stm32.11.3.rel1.win32_1.1.1.202309131626/tools/bin/../lib/gcc/arm-none-eabi/11.3.1/thumb/v7e-m+fp/hard/crtbegin.o
                0x0000000008000b1c                PROVIDE (__init_array_end = .)
                0x0000000008000b1c                . = ALIGN (0x4)

.fini_array     0x0000000008000b1c        0x4
                0x0000000008000b1c                . = ALIGN (0x4)
                [!provide]                        PROVIDE (__fini_array_start = .)
 *(SORT_BY_NAME(.fini_array.*))
 *(.fini_array*)
 .fini_array    0x0000000008000b1c        0x4 C:/ST/STM32CubeIDE_1.13.2/STM32CubeIDE/plugins/com.st.stm32cube.ide.mcu.externaltools.gnu-tools-for-stm32.11.3.rel1.win32_1.1.1.202309131626/tools/bin/../lib/gcc/arm-none-eabi/11.3.1/thumb/v7e-m+fp/hard/crtbegin.o
                [!provide]                        PROVIDE (__fini_array_end = .)
                0x0000000008000b20                . = ALIGN (0x4)
                0x0000000008000b20                _sidata = LOADADDR (.data)

.data           0x0000000020000000        0x0 load address 0x0000000008000b20
                0x0000000020000000                . = ALIGN (0x4)
                0x0000000020000000                _sdata = .
 *(.data)
 *(.data*)
 *(.RamFunc)
 *(.RamFunc*)
                0x0000000020000000                . = ALIGN (0x4)
                0x0000000020000000                _edata = .

.igot.plt       0x0000000020000000        0x0 load address 0x0000000008000b20
 .igot.plt      0x0000000020000000        0x0 C:/ST/STM32CubeIDE_1.13.2/STM32CubeIDE/plugins/com.st.stm32cube.ide.mcu.externaltools.gnu-tools-for-stm32.11.3.rel1.win32_1.1.1.202309131626/tools/bin/../lib/gcc/arm-none-eabi/11.3.1/thumb/v7e-m+fp/hard/crtbegin.o
                0x0000000020000000                . = ALIGN (0x4)

.bss            0x0000000020000000       0x1c load address 0x0000000008000b20
                0x0000000020000000                _sbss = .
                0x0000000020000000                __bss_start__ = _sbss
 *(.bss)
 .bss           0x0000000020000000       0x1c C:/ST/STM32CubeIDE_1.13.2/STM32CubeIDE/plugins/com.st.stm32cube.ide.mcu.externaltools.gnu-tools-for-stm32.11.3.rel1.win32_1.1.1.202309131626/tools/bin/../lib/gcc/arm-none-eabi/11.3.1/thumb/v7e-m+fp/hard/crtbegin.o
 *(.bss*)
 *(COMMON)
                0x000000002000001c                . = ALIGN (0x4)
                0x000000002000001c                _ebss = .
                0x000000002000001c                __bss_end__ = _ebss

._user_heap_stack
                0x000000002000001c      0x604 load address 0x0000000008000b20
                0x0000000020000020                . = ALIGN (0x8)
 *fill*         0x000000002000001c        0x4 
                [!provide]                        PROVIDE (end = .)
                0x0000000020000020                PROVIDE (_end = .)
                0x0000000020000220                . = (. + _Min_Heap_Size)
 *fill*         0x0000000020000020      0x200 
                0x0000000020000620                . = (. + _Min_Stack_Size)
 *fill*         0x0000000020000220      0x400 
                0x0000000020000620                . = ALIGN (0x8)

/DISCARD/
 libc.a(*)
 libm.a(*)
 libgcc.a(*)

.ARM.attributes
                0x0000000000000000       0x30
 *(.ARM.attributes)
 .ARM.attributes
                0x0000000000000000       0x1e C:/ST/STM32CubeIDE_1.13.2/STM32CubeIDE/plugins/com.st.stm32cube.ide.mcu.externaltools.gnu-tools-for-stm32.11.3.rel1.win32_1.1.1.202309131626/tools/bin/../lib/gcc/arm-none-eabi/11.3.1/thumb/v7e-m+fp/hard/crti.o
 .ARM.attributes
                0x000000000000001e       0x34 C:/ST/STM32CubeIDE_1.13.2/STM32CubeIDE/plugins/com.st.stm32cube.ide.mcu.externaltools.gnu-tools-for-stm32.11.3.rel1.win32_1.1.1.202309131626/tools/bin/../lib/gcc/arm-none-eabi/11.3.1/thumb/v7e-m+fp/hard/crtbegin.o
 .ARM.attributes
                0x0000000000000052       0x34 ./Drivers/Src/stm32f401xx_gpio_driver.o
 .ARM.attributes
                0x0000000000000086       0x34 ./Drivers/Src/stm32f401xx_spi_driver.o
 .ARM.attributes
                0x00000000000000ba       0x34 ./Src/007spi_txonly_arduino.o
 .ARM.attributes
                0x00000000000000ee       0x21 ./Startup/startup_stm32f401retx.o
 .ARM.attributes
                0x000000000000010f       0x34 C:/ST/STM32CubeIDE_1.13.2/STM32CubeIDE/plugins/com.st.stm32cube.ide.mcu.externaltools.gnu-tools-for-stm32.11.3.rel1.win32_1.1.1.202309131626/tools/bin/../lib/gcc/arm-none-eabi/11.3.1/../../../../arm-none-eabi/lib/thumb/v7e-m+fp/hard\libc_nano.a(libc_a-init.o)
 .ARM.attributes
                0x0000000000000143       0x17 C:/ST/STM32CubeIDE_1.13.2/STM32CubeIDE/plugins/com.st.stm32cube.ide.mcu.externaltools.gnu-tools-for-stm32.11.3.rel1.win32_1.1.1.202309131626/tools/bin/../lib/gcc/arm-none-eabi/11.3.1/../../../../arm-none-eabi/lib/thumb/v7e-m+fp/hard\libc_nano.a(libc_a-strlen.o)
 .ARM.attributes
                0x000000000000015a       0x1e C:/ST/STM32CubeIDE_1.13.2/STM32CubeIDE/plugins/com.st.stm32cube.ide.mcu.externaltools.gnu-tools-for-stm32.11.3.rel1.win32_1.1.1.202309131626/tools/bin/../lib/gcc/arm-none-eabi/11.3.1/thumb/v7e-m+fp/hard/crtn.o
OUTPUT(stm32f401xx_drivers.elf elf32-littlearm)
LOAD linker stubs
LOAD C:/ST/STM32CubeIDE_1.13.2/STM32CubeIDE/plugins/com.st.stm32cube.ide.mcu.externaltools.gnu-tools-for-stm32.11.3.rel1.win32_1.1.1.202309131626/tools/bin/../lib/gcc/arm-none-eabi/11.3.1/../../../../arm-none-eabi/lib/thumb/v7e-m+fp/hard\libc.a
LOAD C:/ST/STM32CubeIDE_1.13.2/STM32CubeIDE/plugins/com.st.stm32cube.ide.mcu.externaltools.gnu-tools-for-stm32.11.3.rel1.win32_1.1.1.202309131626/tools/bin/../lib/gcc/arm-none-eabi/11.3.1/../../../../arm-none-eabi/lib/thumb/v7e-m+fp/hard\libm.a
LOAD C:/ST/STM32CubeIDE_1.13.2/STM32CubeIDE/plugins/com.st.stm32cube.ide.mcu.externaltools.gnu-tools-for-stm32.11.3.rel1.win32_1.1.1.202309131626/tools/bin/../lib/gcc/arm-none-eabi/11.3.1/thumb/v7e-m+fp/hard\libgcc.a

.comment        0x0000000000000000       0x43
 .comment       0x0000000000000000       0x43 C:/ST/STM32CubeIDE_1.13.2/STM32CubeIDE/plugins/com.st.stm32cube.ide.mcu.externaltools.gnu-tools-for-stm32.11.3.rel1.win32_1.1.1.202309131626/tools/bin/../lib/gcc/arm-none-eabi/11.3.1/thumb/v7e-m+fp/hard/crtbegin.o
                                         0x44 (size before relaxing)
 .comment       0x0000000000000043       0x44 ./Drivers/Src/stm32f401xx_gpio_driver.o
 .comment       0x0000000000000043       0x44 ./Drivers/Src/stm32f401xx_spi_driver.o
 .comment       0x0000000000000043       0x44 ./Src/007spi_txonly_arduino.o

.debug_info     0x0000000000000000     0x146c
 .debug_info    0x0000000000000000      0x70c ./Drivers/Src/stm32f401xx_gpio_driver.o
 .debug_info    0x000000000000070c      0x82a ./Drivers/Src/stm32f401xx_spi_driver.o
 .debug_info    0x0000000000000f36      0x513 ./Src/007spi_txonly_arduino.o
 .debug_info    0x0000000000001449       0x23 ./Startup/startup_stm32f401retx.o

.debug_abbrev   0x0000000000000000      0x50d
 .debug_abbrev  0x0000000000000000      0x1be ./Drivers/Src/stm32f401xx_gpio_driver.o
 .debug_abbrev  0x00000000000001be      0x1d7 ./Drivers/Src/stm32f401xx_spi_driver.o
 .debug_abbrev  0x0000000000000395      0x166 ./Src/007spi_txonly_arduino.o
 .debug_abbrev  0x00000000000004fb       0x12 ./Startup/startup_stm32f401retx.o

.debug_aranges  0x0000000000000000      0x198
 .debug_aranges
                0x0000000000000000       0x70 ./Drivers/Src/stm32f401xx_gpio_driver.o
 .debug_aranges
                0x0000000000000070       0xc0 ./Drivers/Src/stm32f401xx_spi_driver.o
 .debug_aranges
                0x0000000000000130       0x40 ./Src/007spi_txonly_arduino.o
 .debug_aranges
                0x0000000000000170       0x28 ./Startup/startup_stm32f401retx.o

.debug_rnglists
                0x0000000000000000      0x128
 .debug_rnglists
                0x0000000000000000       0x53 ./Drivers/Src/stm32f401xx_gpio_driver.o
 .debug_rnglists
                0x0000000000000053       0x90 ./Drivers/Src/stm32f401xx_spi_driver.o
 .debug_rnglists
                0x00000000000000e3       0x2c ./Src/007spi_txonly_arduino.o
 .debug_rnglists
                0x000000000000010f       0x19 ./Startup/startup_stm32f401retx.o

.debug_macro    0x0000000000000000     0x22ca
 .debug_macro   0x0000000000000000       0xa3 ./Drivers/Src/stm32f401xx_gpio_driver.o
 .debug_macro   0x00000000000000a3      0xab4 ./Drivers/Src/stm32f401xx_gpio_driver.o
 .debug_macro   0x0000000000000b57      0x174 ./Drivers/Src/stm32f401xx_gpio_driver.o
 .debug_macro   0x0000000000000ccb       0x22 ./Drivers/Src/stm32f401xx_gpio_driver.o
 .debug_macro   0x0000000000000ced       0x8e ./Drivers/Src/stm32f401xx_gpio_driver.o
 .debug_macro   0x0000000000000d7b       0x51 ./Drivers/Src/stm32f401xx_gpio_driver.o
 .debug_macro   0x0000000000000dcc      0x103 ./Drivers/Src/stm32f401xx_gpio_driver.o
 .debug_macro   0x0000000000000ecf       0x6a ./Drivers/Src/stm32f401xx_gpio_driver.o
 .debug_macro   0x0000000000000f39      0x1df ./Drivers/Src/stm32f401xx_gpio_driver.o
 .debug_macro   0x0000000000001118      0x449 ./Drivers/Src/stm32f401xx_gpio_driver.o
 .debug_macro   0x0000000000001561       0xe2 ./Drivers/Src/stm32f401xx_gpio_driver.o
 .debug_macro   0x0000000000001643       0xc4 ./Drivers/Src/stm32f401xx_gpio_driver.o
 .debug_macro   0x0000000000001707       0xa3 ./Drivers/Src/stm32f401xx_spi_driver.o
 .debug_macro   0x00000000000017aa      0x16d ./Src/007spi_txonly_arduino.o
 .debug_macro   0x0000000000001917       0x5b ./Src/007spi_txonly_arduino.o
 .debug_macro   0x0000000000001972       0x2a ./Src/007spi_txonly_arduino.o
 .debug_macro   0x000000000000199c       0x94 ./Src/007spi_txonly_arduino.o
 .debug_macro   0x0000000000001a30       0x43 ./Src/007spi_txonly_arduino.o
 .debug_macro   0x0000000000001a73       0x34 ./Src/007spi_txonly_arduino.o
 .debug_macro   0x0000000000001aa7       0x16 ./Src/007spi_txonly_arduino.o
 .debug_macro   0x0000000000001abd       0x43 ./Src/007spi_txonly_arduino.o
 .debug_macro   0x0000000000001b00       0x57 ./Src/007spi_txonly_arduino.o
 .debug_macro   0x0000000000001b57       0x34 ./Src/007spi_txonly_arduino.o
 .debug_macro   0x0000000000001b8b       0x10 ./Src/007spi_txonly_arduino.o
 .debug_macro   0x0000000000001b9b       0x58 ./Src/007spi_txonly_arduino.o
 .debug_macro   0x0000000000001bf3       0x8e ./Src/007spi_txonly_arduino.o
 .debug_macro   0x0000000000001c81       0x1c ./Src/007spi_txonly_arduino.o
 .debug_macro   0x0000000000001c9d      0x177 ./Src/007spi_txonly_arduino.o
 .debug_macro   0x0000000000001e14      0x369 ./Src/007spi_txonly_arduino.o
 .debug_macro   0x000000000000217d       0x10 ./Src/007spi_txonly_arduino.o
 .debug_macro   0x000000000000218d       0x35 ./Src/007spi_txonly_arduino.o
 .debug_macro   0x00000000000021c2       0x20 ./Src/007spi_txonly_arduino.o
 .debug_macro   0x00000000000021e2       0xe8 ./Src/007spi_txonly_arduino.o

.debug_line     0x0000000000000000     0x1ab6
 .debug_line    0x0000000000000000      0x964 ./Drivers/Src/stm32f401xx_gpio_driver.o
 .debug_line    0x0000000000000964      0x9db ./Drivers/Src/stm32f401xx_spi_driver.o
 .debug_line    0x000000000000133f      0x6fc ./Src/007spi_txonly_arduino.o
 .debug_line    0x0000000000001a3b       0x7b ./Startup/startup_stm32f401retx.o

.debug_str      0x0000000000000000     0x9292
 .debug_str     0x0000000000000000     0x5d8d ./Drivers/Src/stm32f401xx_gpio_driver.o
                                       0x5f87 (size before relaxing)
 .debug_str     0x0000000000005d8d      0x2c0 ./Drivers/Src/stm32f401xx_spi_driver.o
                                       0x6009 (size before relaxing)
 .debug_str     0x000000000000604d     0x3216 ./Src/007spi_txonly_arduino.o
                                       0x902f (size before relaxing)
 .debug_str     0x0000000000009263       0x2f ./Startup/startup_stm32f401retx.o
                                         0x58 (size before relaxing)

.debug_frame    0x0000000000000000      0x5f4
 .debug_frame   0x0000000000000000      0x1c8 ./Drivers/Src/stm32f401xx_gpio_driver.o
 .debug_frame   0x00000000000001c8      0x33c ./Drivers/Src/stm32f401xx_spi_driver.o
 .debug_frame   0x0000000000000504       0xc4 ./Src/007spi_txonly_arduino.o
 .debug_frame   0x00000000000005c8       0x2c C:/ST/STM32CubeIDE_1.13.2/STM32CubeIDE/plugins/com.st.stm32cube.ide.mcu.externaltools.gnu-tools-for-stm32.11.3.rel1.win32_1.1.1.202309131626/tools/bin/../lib/gcc/arm-none-eabi/11.3.1/../../../../arm-none-eabi/lib/thumb/v7e-m+fp/hard\libc_nano.a(libc_a-init.o)

.debug_line_str
                0x0000000000000000       0x4c
 .debug_line_str
                0x0000000000000000       0x4c ./Startup/startup_stm32f401retx.o
                                         0x64 (size before relaxing)
